---
source: tests/golden_tests.rs
input_file: tests/golden_tests/compile_file/list_merge_sort.hvm
---
@Cons = (a (b {4 (a (b c)) {4 * c}}))
@F = (a (* a))
@G = (* (a a))
@If = ({2 @F {2 @G a}} a)
@J = (* @Nil)
@K = (a (b ({3 c (a d)} e)))
& @Cons ~ (d (f e))
& @Map ~ (b (c f))
@Map = ({4 @K {4 @J a}} a)
@MergeSort = (a (b c))
& @S ~ (a (d c))
& @Map ~ (b (@Pure d))
@N = (* @Nil)
@Nil = {4 * {4 a a}}
@Pure = (a b)
& @Cons ~ (a (@Nil b))
@Q = (a (b (c d)))
& @k ~ (a (c (b d)))
@R = (* @Nil)
@S = (a ({4 @Q {4 @R (a b)}} b))
@U = (* (a a))
@V = (a (b (c d)))
& @q ~ (a (c (b d)))
@W = (* @Nil)
@X = (a ({4 @V {4 @W (a b)}} b))
@Y = (* (a a))
@Z = (* (a a))
@a = ({5 a {7 b (c (d e))}} ({9 f {11 g c}} ({13 h i} ({15 j {17 k d}} ({19 l m} n)))))
& @If ~ (e (o (p n)))
& @Cons ~ (j (q p))
& @f ~ (a (r (l q)))
& @Cons ~ (f (h r))
& @Cons ~ (g (s o))
& @f ~ (b (i (t s)))
& @Cons ~ (k (m t))
@b = (a (b (c (d (e f)))))
& @a ~ (c (d (e (a (b f)))))
@c = (* @s)
@d = (a (b (c ({4 @b {4 @c (c (a (b d)))}} d))))
@e = (* (a a))
@f = (a ({4 @d {4 @e (a b)}} b))
@g = (* (a a))
@h = ({21 a b} (c (d e)))
& @q ~ (c (a (d {4 @Q {4 @R (b e)}})))
@i = (a (b (c (d e))))
& @h ~ (c (d (f e)))
& @Cons ~ (a (b f))
@j = (* (a a))
@k = (a (b ({4 @i {4 @j (b (a c))}} c)))
@l = (a (b c))
& @k ~ (b (a c))
@m = ({23 a b} (c (d (e f))))
& @Cons ~ (g (h f))
& @X ~ (a (e h))
& @f ~ (b (c (d g)))
@main = @MergeSort
@n = (* @Cons)
@o = (a (b (c (d e))))
& @m ~ (c (d (a (b e))))
@p = (* @t)
@q = (a (b ({4 @o {4 @p (b (a c))}} c)))
@r = (a (b c))
& @q ~ (b (a c))
@s = (a (b c))
& @Cons ~ (a (b c))
@t = (a b)
& @Cons ~ (a (@Nil b))

